
> temp_app@0.1.2 build
> next build

   Ôľ▓ Next.js 15.1.11
   - Environments: .env.local, .env

   Creating an optimized production build ...
cmd : Failed to compile.
At line:1 char:1
+ cmd /c npm run build > build_output.txt 2>&1
+ ~~~~~~~~~~~~~~~~~~~~~~~~~~~~~~~~~~~~~~~~~~~~
    + CategoryInfo          : NotSpecified: (Failed to compile.:String) [], RemoteException
    + FullyQualifiedErrorId : NativeCommandError
 

./src/app/actions/agent-verifier.ts
Error:   [31mx[0m Server Actions must be async functions.
  [31m|[0m 
     ,-[[36;1;4mC:\Users\laube\Downloads\Agentic Workflows\CRM\src\app\actions\agent-verifier.ts[0m:263:1]
 [2m260[0m |     }
 [2m261[0m |     
 [2m262[0m |     // FORMATOVANIE PRE FAST-PATH SKIP VERIFICATION
 [2m263[0m | [35;1m,[0m[35;1m-[0m[35;1m>[0m export function formatDirectResponse(manifest: ExecutionManifest): 
string {
 [2m264[0m | [35;1m|[0m     const entry = manifest.entries[0];
 [2m265[0m | [35;1m|[0m     if (!entry) return "Akcia prebehla.";
 [2m266[0m | [35;1m|[0m     
 [2m267[0m | [35;1m|[0m     const templates: Record<string, (entry: any) => string> = {
 [2m268[0m | [35;1m|[0m       'db_search_contacts': (e) =>
 [2m269[0m | [35;1m|[0m         e.keyOutputs?.length > 0
 [2m270[0m | [35;1m|[0m           ? `Ôťů Na┼íiel som ${e.keyOutputs.length} kontakt(ov).`
 [2m271[0m | [35;1m|[0m           : `ÔÜá´ŞĆ Kontakt nebol n├íjden├Ż.`,
 [2m272[0m | [35;1m|[0m       'db_get_pipeline_stats': (e) =>
 [2m273[0m | [35;1m|[0m         `­čôő **Pipeline preh─żad:**\nCelkov├í hodnota: ${e.keyOutputs?.total_pipeline_valu
e || 0} ÔéČ`,
 [2m274[0m | [35;1m|[0m       'db_get_all_contacts': (e) => 
 [2m275[0m | [35;1m|[0m         `Ôťů Na─Ź├ştal som v┼íetky kontakty. Celkov├Ż po─Źet: ${e.keyOutputs?.length || 0}.
`,
 [2m276[0m | [35;1m|[0m       'db_fetch_projects': (e) => 
 [2m277[0m | [35;1m|[0m         `Ôťů Na┼íiel som ${e.keyOutputs?.length || 0} projekt(ov).`,
 [2m278[0m | [35;1m|[0m       'db_search_projects': (e) => 
 [2m279[0m | [35;1m|[0m         `Ôťů V├Żsledky h─żadania projektov: bolo n├íjden├Żch ${e.keyOutputs?.length || 0} p
rojekt(ov).`,
 [2m280[0m | [35;1m|[0m       'db_fetch_tasks': (e) => 
 [2m281[0m | [35;1m|[0m         `Ôťů Na─Ź├ştal som ${e.keyOutputs?.length || 0} ├║loh(y).`,
 [2m282[0m | [35;1m|[0m       'db_fetch_deals': (e) => 
 [2m283[0m | [35;1m|[0m         `Ôťů N├íjden├Żch ${e.keyOutputs?.length || 0} obchodov.`,
 [2m284[0m | [35;1m|[0m       'db_fetch_notes': (e) => 
 [2m285[0m | [35;1m|[0m         `Ôťů N├íjden├Żch ${e.keyOutputs?.length || 0} pozn├ímok.`,
 [2m286[0m | [35;1m|[0m       'gmail_fetch_list': (e) => 
 [2m287[0m | [35;1m|[0m         `Ôťů Zoznam e-mailov ├║spe┼íne na─Ź├ştan├Ż (po─Źet e-mailov: ${e.keyOutputs?.length
 || 0}).`,
 [2m288[0m | [35;1m|[0m     };
 [2m289[0m | [35;1m|[0m   
 [2m290[0m | [35;1m|[0m     const template = templates[entry.tool];
 [2m291[0m | [35;1m|[0m     return template ? template(entry) : (entry.summary || "Oper├ícia bola ├║spe┼íne dokon─Ź
en├í.");
 [2m292[0m | [35;1m`[0m[35;1m-[0m[35;1m>[0m }
 [2m293[0m |     
     `----

Import trace for requested module:
./src/app/actions/agent-verifier.ts
./src/app/actions/agent.ts

./src/app/actions/agent-verifier.ts
Error:   [31mx[0m Server Actions must be async functions.
  [31m|[0m 
     ,-[[36;1;4mC:\Users\laube\Downloads\Agentic Workflows\CRM\src\app\actions\agent-verifier.ts[0m:263:1]
 [2m260[0m |     }
 [2m261[0m |     
 [2m262[0m |     // FORMATOVANIE PRE FAST-PATH SKIP VERIFICATION
 [2m263[0m | [35;1m,[0m[35;1m-[0m[35;1m>[0m export function formatDirectResponse(manifest: ExecutionManifest): 
string {
 [2m264[0m | [35;1m|[0m     const entry = manifest.entries[0];
 [2m265[0m | [35;1m|[0m     if (!entry) return "Akcia prebehla.";
 [2m266[0m | [35;1m|[0m     
 [2m267[0m | [35;1m|[0m     const templates: Record<string, (entry: any) => string> = {
 [2m268[0m | [35;1m|[0m       'db_search_contacts': (e) =>
 [2m269[0m | [35;1m|[0m         e.keyOutputs?.length > 0
 [2m270[0m | [35;1m|[0m           ? `Ôťů Na┼íiel som ${e.keyOutputs.length} kontakt(ov).`
 [2m271[0m | [35;1m|[0m           : `ÔÜá´ŞĆ Kontakt nebol n├íjden├Ż.`,
 [2m272[0m | [35;1m|[0m       'db_get_pipeline_stats': (e) =>
 [2m273[0m | [35;1m|[0m         `­čôő **Pipeline preh─żad:**\nCelkov├í hodnota: ${e.keyOutputs?.total_pipeline_valu
e || 0} ÔéČ`,
 [2m274[0m | [35;1m|[0m       'db_get_all_contacts': (e) => 
 [2m275[0m | [35;1m|[0m         `Ôťů Na─Ź├ştal som v┼íetky kontakty. Celkov├Ż po─Źet: ${e.keyOutputs?.length || 0}.
`,
 [2m276[0m | [35;1m|[0m       'db_fetch_projects': (e) => 
 [2m277[0m | [35;1m|[0m         `Ôťů Na┼íiel som ${e.keyOutputs?.length || 0} projekt(ov).`,
 [2m278[0m | [35;1m|[0m       'db_search_projects': (e) => 
 [2m279[0m | [35;1m|[0m         `Ôťů V├Żsledky h─żadania projektov: bolo n├íjden├Żch ${e.keyOutputs?.length || 0} p
rojekt(ov).`,
 [2m280[0m | [35;1m|[0m       'db_fetch_tasks': (e) => 
 [2m281[0m | [35;1m|[0m         `Ôťů Na─Ź├ştal som ${e.keyOutputs?.length || 0} ├║loh(y).`,
 [2m282[0m | [35;1m|[0m       'db_fetch_deals': (e) => 
 [2m283[0m | [35;1m|[0m         `Ôťů N├íjden├Żch ${e.keyOutputs?.length || 0} obchodov.`,
 [2m284[0m | [35;1m|[0m       'db_fetch_notes': (e) => 
 [2m285[0m | [35;1m|[0m         `Ôťů N├íjden├Żch ${e.keyOutputs?.length || 0} pozn├ímok.`,
 [2m286[0m | [35;1m|[0m       'gmail_fetch_list': (e) => 
 [2m287[0m | [35;1m|[0m         `Ôťů Zoznam e-mailov ├║spe┼íne na─Ź├ştan├Ż (po─Źet e-mailov: ${e.keyOutputs?.length
 || 0}).`,
 [2m288[0m | [35;1m|[0m     };
 [2m289[0m | [35;1m|[0m   
 [2m290[0m | [35;1m|[0m     const template = templates[entry.tool];
 [2m291[0m | [35;1m|[0m     return template ? template(entry) : (entry.summary || "Oper├ícia bola ├║spe┼íne dokon─Ź
en├í.");
 [2m292[0m | [35;1m`[0m[35;1m-[0m[35;1m>[0m }
 [2m293[0m |     
     `----

Import trace for requested module:
./src/app/actions/agent-verifier.ts
./src/app/api/ai/agent/route.ts


> Build failed because of webpack errors
