src/app/actions/contacts.ts(9,5): error TS2578: Unused '@ts-expect-error' directive.
src/app/actions/contacts.ts(36,5): error TS2578: Unused '@ts-expect-error' directive.
src/app/actions/contacts.ts(63,5): error TS2578: Unused '@ts-expect-error' directive.
src/app/actions/contacts.ts(78,5): error TS2578: Unused '@ts-expect-error' directive.
src/app/actions/contacts.ts(125,9): error TS2578: Unused '@ts-expect-error' directive.
src/app/actions/contacts.ts(157,5): error TS2578: Unused '@ts-expect-error' directive.
src/app/actions/contacts.ts(193,9): error TS2578: Unused '@ts-expect-error' directive.
src/app/actions/contacts.ts(228,5): error TS2578: Unused '@ts-expect-error' directive.
src/app/dashboard/contacts/page.tsx(54,62): error TS7006: Parameter 'p' implicitly has an 'any' type.
src/app/dashboard/projects/page.tsx(57,40): error TS7006: Parameter 'p' implicitly has an 'any' type.
src/components/dashboard/AgentChat.tsx(35,10): error TS2440: Import declaration conflicts with local declaration of 'Message'.
src/components/dashboard/ContactImportModal.tsx(375,38): error TS2304: Cannot find name 'Loader2'.
src/components/dashboard/ProjectDriveModal.tsx(266,38): error TS2741: Property 'iconLink' is missing in type 'DriveFile' but required in type 'import("C:/Users/laube/Downloads/Agentic Workflows/CRM/src/hooks/useDriveFiles").DriveFile'.
src/components/dashboard/ProjectDriveModal.tsx(270,37): error TS2741: Property 'iconLink' is missing in type 'DriveFile' but required in type 'import("C:/Users/laube/Downloads/Agentic Workflows/CRM/src/hooks/useDriveFiles").DriveFile'.
src/components/dashboard/ProjectDriveModal.tsx(284,15): error TS2345: Argument of type '"copy" | "cut"' is not assignable to parameter of type '"copy" | "move"'.
  Type '"cut"' is not assignable to type '"copy" | "move"'.
src/components/dashboard/projects/CreateProjectModal.tsx(120,28): error TS7006: Parameter 'v' implicitly has an 'any' type.
src/components/dashboard/projects/CreateProjectModal.tsx(128,28): error TS7006: Parameter 'v' implicitly has an 'any' type.
src/components/dashboard/projects/CreateProjectModal.tsx(187,30): error TS7006: Parameter 'v' implicitly has an 'any' type.
src/components/dashboard/RichTextEditor.tsx(146,3): error TS2686: 'React' refers to a UMD global, but the current file is a module. Consider adding an import instead.
src/types/mockData.ts(5,5): error TS2741: Property 'name' is missing in type '{ id: number; date_created: string; project_type: string; contact_id: number; contact_name: string; stage: "in_progress"; end_date: string; deleted_at: null; created_at: string; updated_at: string; }' but required in type 'Project'.
src/types/mockData.ts(17,5): error TS2741: Property 'name' is missing in type '{ id: number; date_created: string; project_type: string; contact_id: number; contact_name: string; stage: "planning"; end_date: string; deleted_at: null; created_at: string; updated_at: string; }' but required in type 'Project'.
src/types/mockData.ts(29,5): error TS2741: Property 'name' is missing in type '{ id: number; date_created: string; project_type: string; contact_id: number; contact_name: string; stage: "completed"; end_date: string; deleted_at: null; created_at: string; updated_at: string; }' but required in type 'Project'.
src/types/mockData.ts(41,5): error TS2741: Property 'name' is missing in type '{ id: number; date_created: string; project_type: string; contact_id: null; contact_name: null; stage: "review"; end_date: string; deleted_at: null; created_at: string; updated_at: string; }' but required in type 'Project'.
src/types/mockData.ts(53,5): error TS2741: Property 'name' is missing in type '{ id: number; date_created: string; project_type: string; contact_id: number; contact_name: string; stage: "on_hold"; end_date: null; deleted_at: null; created_at: string; updated_at: string; }' but required in type 'Project'.
